secf1 converted user 0 (66 lines)
secf1 converted user 1 (123 lines)
secf1 converted user 2 (182 lines)
secf1 converted user 3 (239 lines)
secf1 converted user 4 (300 lines)
secf1 converted user 5 (363 lines)
secf1 converted user 6 (420 lines)
secf1 converted user 7 (477 lines)
secf1 converted user 8 (544 lines)
secf1 converted user 9 (612 lines)
stage convert done 06:45
QA user 0 A_raw: acc=0.963 prompt=4159
QA user 0 c_nf: acc=0.704 prompt=456
QA user 0 c_secf1: acc=0.741 prompt=422
QA user 0 c_scf: acc=0.519 prompt=409
QA user 0 i_nf: acc=0.889 prompt=848
QA user 0 i_secf1: acc=0.963 prompt=806
QA user 1 A_raw: acc=0.963 prompt=4288
QA user 1 c_nf: acc=0.704 prompt=364
QA user 1 c_secf1: acc=0.741 prompt=345
QA user 1 c_scf: acc=0.556 prompt=330
QA user 1 i_nf: acc=0.852 prompt=801
QA user 1 i_secf1: acc=0.889 prompt=754
QA user 2 A_raw: acc=0.963 prompt=4115
QA user 2 c_nf: acc=0.741 prompt=408
QA user 2 c_secf1: acc=0.741 prompt=375
QA user 2 c_scf: acc=0.667 prompt=365
QA user 2 i_nf: acc=0.889 prompt=786
QA user 2 i_secf1: acc=1.000 prompt=731
QA user 3 A_raw: acc=0.963 prompt=4142
QA user 3 c_nf: acc=0.704 prompt=341
QA user 3 c_secf1: acc=0.704 prompt=331
QA user 3 c_scf: acc=0.481 prompt=309
QA user 3 i_nf: acc=0.963 prompt=808
QA user 3 i_secf1: acc=0.963 prompt=768
QA user 4 A_raw: acc=0.926 prompt=3991
QA user 4 c_nf: acc=0.741 prompt=361
QA user 4 c_secf1: acc=0.741 prompt=346
QA user 4 c_scf: acc=0.593 prompt=331
QA user 4 i_nf: acc=0.852 prompt=858
QA user 4 i_secf1: acc=0.926 prompt=826
QA user 5 A_raw: acc=0.926 prompt=4403
QA user 5 c_nf: acc=0.704 prompt=395
QA user 5 c_secf1: acc=0.741 prompt=363
QA user 5 c_scf: acc=0.630 prompt=362
QA user 5 i_nf: acc=0.889 prompt=823
QA user 5 i_secf1: acc=0.889 prompt=786
QA user 6 A_raw: acc=1.000 prompt=4235
QA user 6 c_nf: acc=0.630 prompt=375
QA user 6 c_secf1: acc=0.630 prompt=359
QA user 6 c_scf: acc=0.481 prompt=346
QA user 6 i_nf: acc=0.889 prompt=699
QA user 6 i_secf1: acc=0.815 prompt=646
QA user 7 A_raw: acc=0.963 prompt=4083
QA user 7 c_nf: acc=0.704 prompt=375
QA user 7 c_secf1: acc=0.741 prompt=351
QA user 7 c_scf: acc=0.519 prompt=354
QA user 7 i_nf: acc=0.926 prompt=765
QA user 7 i_secf1: acc=0.963 prompt=733
QA user 8 A_raw: acc=0.926 prompt=4152
QA user 8 c_nf: acc=0.667 prompt=345
QA user 8 c_secf1: acc=0.704 prompt=318
QA user 8 c_scf: acc=0.519 prompt=316
QA user 8 i_nf: acc=0.889 prompt=932
QA user 8 i_secf1: acc=0.889 prompt=878
QA user 9 A_raw: acc=0.926 prompt=4154
QA user 9 c_nf: acc=0.667 prompt=398
QA user 9 c_secf1: acc=0.704 prompt=357
QA user 9 c_scf: acc=0.481 prompt=371
QA user 9 i_nf: acc=0.889 prompt=942
QA user 9 i_secf1: acc=0.926 prompt=907
stage qa done 07:26
budget user 0 frac=0.25 nf: acc=0.222 lines=10/44
budget user 0 frac=0.25 secf1: acc=0.296 lines=11/44
budget user 0 frac=0.25 scf: acc=0.222 lines=11/44
budget user 0 frac=0.4 nf: acc=0.444 lines=17/44
budget user 0 frac=0.4 secf1: acc=0.444 lines=19/44
budget user 0 frac=0.4 scf: acc=0.407 lines=19/44
budget user 0 frac=0.6 nf: acc=0.630 lines=25/44
budget user 0 frac=0.6 secf1: acc=0.630 lines=28/44
budget user 0 frac=0.6 scf: acc=0.519 lines=27/44
budget user 1 frac=0.25 nf: acc=0.222 lines=9/38
budget user 1 frac=0.25 secf1: acc=0.222 lines=10/38
budget user 1 frac=0.25 scf: acc=0.148 lines=10/38
budget user 1 frac=0.4 nf: acc=0.370 lines=14/38
budget user 1 frac=0.4 secf1: acc=0.407 lines=15/38
budget user 1 frac=0.4 scf: acc=0.296 lines=15/38
budget user 1 frac=0.6 nf: acc=0.556 lines=21/38
budget user 1 frac=0.6 secf1: acc=0.593 lines=23/38
budget user 1 frac=0.6 scf: acc=0.444 lines=24/38
budget user 2 frac=0.25 nf: acc=0.259 lines=10/39
budget user 2 frac=0.25 secf1: acc=0.370 lines=11/39
budget user 2 frac=0.25 scf: acc=0.333 lines=12/39
budget user 2 frac=0.4 nf: acc=0.444 lines=16/39
budget user 2 frac=0.4 secf1: acc=0.519 lines=19/39
budget user 2 frac=0.4 scf: acc=0.407 lines=19/39
budget user 2 frac=0.6 nf: acc=0.593 lines=22/39
budget user 2 frac=0.6 secf1: acc=0.704 lines=25/39
budget user 2 frac=0.6 scf: acc=0.519 lines=25/39
budget user 3 frac=0.25 nf: acc=0.296 lines=9/39
budget user 3 frac=0.25 secf1: acc=0.333 lines=10/39
budget user 3 frac=0.25 scf: acc=0.296 lines=11/39
budget user 3 frac=0.4 nf: acc=0.444 lines=16/39
budget user 3 frac=0.4 secf1: acc=0.481 lines=17/39
budget user 3 frac=0.4 scf: acc=0.407 lines=18/39
budget user 3 frac=0.6 nf: acc=0.667 lines=24/39
budget user 3 frac=0.6 secf1: acc=0.704 lines=26/39
budget user 3 frac=0.6 scf: acc=0.556 lines=26/39
budget user 4 frac=0.25 nf: acc=0.185 lines=11/44
budget user 4 frac=0.25 secf1: acc=0.296 lines=12/44
budget user 4 frac=0.25 scf: acc=0.185 lines=11/44
budget user 4 frac=0.4 nf: acc=0.481 lines=17/44
budget user 4 frac=0.4 secf1: acc=0.519 lines=18/44
budget user 4 frac=0.4 scf: acc=0.407 lines=18/44
budget user 4 frac=0.6 nf: acc=0.630 lines=26/44
budget user 4 frac=0.6 secf1: acc=0.667 lines=28/44
budget user 4 frac=0.6 scf: acc=0.481 lines=28/44
budget user 5 frac=0.25 nf: acc=0.259 lines=10/42
budget user 5 frac=0.25 secf1: acc=0.259 lines=10/42
budget user 5 frac=0.25 scf: acc=0.333 lines=11/42
budget user 5 frac=0.4 nf: acc=0.407 lines=16/42
budget user 5 frac=0.4 secf1: acc=0.407 lines=17/42
budget user 5 frac=0.4 scf: acc=0.333 lines=17/42
budget user 5 frac=0.6 nf: acc=0.481 lines=24/42
budget user 5 frac=0.6 secf1: acc=0.593 lines=26/42
budget user 5 frac=0.6 scf: acc=0.444 lines=25/42
budget user 6 frac=0.25 nf: acc=0.333 lines=11/35
budget user 6 frac=0.25 secf1: acc=0.333 lines=11/35
budget user 6 frac=0.25 scf: acc=0.259 lines=11/35
budget user 6 frac=0.4 nf: acc=0.519 lines=16/35
budget user 6 frac=0.4 secf1: acc=0.519 lines=17/35
budget user 6 frac=0.4 scf: acc=0.481 lines=17/35
budget user 6 frac=0.6 nf: acc=0.741 lines=21/35
budget user 6 frac=0.6 secf1: acc=0.667 lines=23/35
budget user 6 frac=0.6 scf: acc=0.556 lines=23/35
budget user 7 frac=0.25 nf: acc=0.333 lines=10/38
budget user 7 frac=0.25 secf1: acc=0.333 lines=10/38
budget user 7 frac=0.25 scf: acc=0.259 lines=10/38
budget user 7 frac=0.4 nf: acc=0.444 lines=15/38
budget user 7 frac=0.4 secf1: acc=0.481 lines=16/38
budget user 7 frac=0.4 scf: acc=0.259 lines=16/38
budget user 7 frac=0.6 nf: acc=0.593 lines=21/38
budget user 7 frac=0.6 secf1: acc=0.667 lines=23/38
budget user 7 frac=0.6 scf: acc=0.481 lines=23/38
budget user 8 frac=0.25 nf: acc=0.481 lines=13/48
budget user 8 frac=0.25 secf1: acc=0.481 lines=14/48
budget user 8 frac=0.25 scf: acc=0.407 lines=15/48
budget user 8 frac=0.4 nf: acc=0.519 lines=21/48
budget user 8 frac=0.4 secf1: acc=0.519 lines=22/48
budget user 8 frac=0.4 scf: acc=0.519 lines=22/48
budget user 8 frac=0.6 nf: acc=0.667 lines=30/48
budget user 8 frac=0.6 secf1: acc=0.667 lines=32/48
budget user 8 frac=0.6 scf: acc=0.593 lines=32/48
budget user 9 frac=0.25 nf: acc=0.370 lines=13/48
budget user 9 frac=0.25 secf1: acc=0.370 lines=14/48
budget user 9 frac=0.25 scf: acc=0.333 lines=14/48
budget user 9 frac=0.4 nf: acc=0.481 lines=19/48
budget user 9 frac=0.4 secf1: acc=0.556 lines=21/48
budget user 9 frac=0.4 scf: acc=0.444 lines=21/48
budget user 9 frac=0.6 nf: acc=0.741 lines=29/48
budget user 9 frac=0.6 secf1: acc=0.778 lines=31/48
budget user 9 frac=0.6 scf: acc=0.593 lines=31/48
stage budget done 08:06
ALL DONE
cache secf1 U=20 round=0 user=0 tokens=802 ttft=8.00
cache secf1 U=20 round=0 user=1 tokens=753 ttft=7.36
cache secf1 U=20 round=0 user=2 tokens=734 ttft=7.36
cache secf1 U=20 round=0 user=3 tokens=767 ttft=7.68
cache secf1 U=20 round=0 user=4 tokens=821 ttft=8.03
cache secf1 U=20 round=0 user=5 tokens=787 ttft=7.74
cache secf1 U=20 round=0 user=6 tokens=645 ttft=6.40
cache secf1 U=20 round=0 user=7 tokens=733 ttft=7.36
cache secf1 U=20 round=0 user=8 tokens=883 ttft=8.66
cache secf1 U=20 round=0 user=9 tokens=906 ttft=8.97
cache secf1 U=20 round=0 user=10 tokens=801 ttft=8.01
cache secf1 U=20 round=0 user=11 tokens=750 ttft=7.37
cache secf1 U=20 round=0 user=12 tokens=734 ttft=7.37
cache secf1 U=20 round=0 user=13 tokens=767 ttft=7.69
cache secf1 U=20 round=0 user=14 tokens=824 ttft=8.01
cache secf1 U=20 round=0 user=15 tokens=784 ttft=7.73
cache secf1 U=20 round=0 user=16 tokens=645 ttft=6.45
cache secf1 U=20 round=0 user=17 tokens=739 ttft=7.41
cache secf1 U=20 round=0 user=18 tokens=878 ttft=8.72
cache secf1 U=20 round=0 user=19 tokens=913 ttft=8.98
cache secf1 U=20 round=1 user=0 tokens=804 ttft=0.97
cache secf1 U=20 round=1 user=1 tokens=752 ttft=2.79
cache secf1 U=20 round=1 user=2 tokens=734 ttft=2.48
cache secf1 U=20 round=1 user=3 tokens=768 ttft=2.77
cache secf1 U=20 round=1 user=4 tokens=827 ttft=1.02
cache secf1 U=20 round=1 user=5 tokens=784 ttft=3.20
cache secf1 U=20 round=1 user=6 tokens=644 ttft=1.87
cache secf1 U=20 round=1 user=7 tokens=731 ttft=2.53
cache secf1 U=20 round=1 user=8 tokens=876 ttft=1.71
cache secf1 U=20 round=1 user=9 tokens=909 ttft=1.92
cache secf1 U=20 round=1 user=10 tokens=804 ttft=1.05
cache secf1 U=20 round=1 user=11 tokens=748 ttft=2.85
cache secf1 U=20 round=1 user=12 tokens=731 ttft=2.55
cache secf1 U=20 round=1 user=13 tokens=768 ttft=2.76
cache secf1 U=20 round=1 user=14 tokens=829 ttft=1.12
cache secf1 U=20 round=1 user=15 tokens=788 ttft=3.17
cache secf1 U=20 round=1 user=16 tokens=646 ttft=1.85
cache secf1 U=20 round=1 user=17 tokens=730 ttft=2.48
cache secf1 U=20 round=1 user=18 tokens=875 ttft=1.69
cache secf1 U=20 round=1 user=19 tokens=910 ttft=1.96
cache secf1 U=20 round=2 user=0 tokens=802 ttft=1.00
cache secf1 U=20 round=2 user=1 tokens=752 ttft=2.79
cache secf1 U=20 round=2 user=2 tokens=732 ttft=2.50
cache secf1 U=20 round=2 user=3 tokens=766 ttft=2.87
cache secf1 U=20 round=2 user=4 tokens=831 ttft=1.06
cache secf1 U=20 round=2 user=5 tokens=787 ttft=3.12
cache secf1 U=20 round=2 user=6 tokens=651 ttft=1.87
cache secf1 U=20 round=2 user=7 tokens=733 ttft=2.54
cache secf1 U=20 round=2 user=8 tokens=875 ttft=1.69
cache secf1 U=20 round=2 user=9 tokens=909 ttft=1.91
cache secf1 U=20 round=2 user=10 tokens=805 ttft=1.04
cache secf1 U=20 round=2 user=11 tokens=754 ttft=2.82
cache secf1 U=20 round=2 user=12 tokens=728 ttft=2.53
cache secf1 U=20 round=2 user=13 tokens=769 ttft=3.16
cache secf1 U=20 round=2 user=14 tokens=825 ttft=1.08
cache secf1 U=20 round=2 user=15 tokens=782 ttft=3.17
cache secf1 U=20 round=2 user=16 tokens=649 ttft=1.85
cache secf1 U=20 round=2 user=17 tokens=733 ttft=2.48
cache secf1 U=20 round=2 user=18 tokens=873 ttft=1.70
cache secf1 U=20 round=2 user=19 tokens=908 ttft=1.95
cache nf U=20 round=0 user=0 tokens=847 ttft=8.34
cache nf U=20 round=0 user=1 tokens=800 ttft=7.99
cache nf U=20 round=0 user=2 tokens=789 ttft=7.68
cache nf U=20 round=0 user=3 tokens=807 ttft=8.00
cache nf U=20 round=0 user=4 tokens=853 ttft=8.32
cache nf U=20 round=0 user=5 tokens=823 ttft=8.05
cache nf U=20 round=0 user=6 tokens=698 ttft=6.74
cache nf U=20 round=0 user=7 tokens=766 ttft=7.67
cache nf U=20 round=0 user=8 tokens=938 ttft=9.30
cache nf U=20 round=0 user=9 tokens=941 ttft=9.34
cache nf U=20 round=0 user=10 tokens=845 ttft=8.33
cache nf U=20 round=0 user=11 tokens=798 ttft=7.99
cache nf U=20 round=0 user=12 tokens=790 ttft=7.68
cache nf U=20 round=0 user=13 tokens=806 ttft=8.01
cache nf U=20 round=0 user=14 tokens=855 ttft=8.32
cache nf U=20 round=0 user=15 tokens=823 ttft=8.06
cache nf U=20 round=0 user=16 tokens=697 ttft=6.78
cache nf U=20 round=0 user=17 tokens=769 ttft=7.72
cache nf U=20 round=0 user=18 tokens=933 ttft=9.29
cache nf U=20 round=0 user=19 tokens=948 ttft=9.29
cache nf U=20 round=1 user=0 tokens=849 ttft=1.34
cache nf U=20 round=1 user=1 tokens=799 ttft=0.87
cache nf U=20 round=1 user=2 tokens=789 ttft=3.11
cache nf U=20 round=1 user=3 tokens=808 ttft=1.01
cache nf U=20 round=1 user=4 tokens=859 ttft=1.39
cache nf U=20 round=1 user=5 tokens=820 ttft=1.09
cache nf U=20 round=1 user=6 tokens=697 ttft=2.24
cache nf U=20 round=1 user=7 tokens=764 ttft=2.80
cache nf U=20 round=1 user=8 tokens=931 ttft=2.28
cache nf U=20 round=1 user=9 tokens=944 ttft=2.41
cache nf U=20 round=1 user=10 tokens=848 ttft=1.43
cache nf U=20 round=1 user=11 tokens=796 ttft=0.76
cache nf U=20 round=1 user=12 tokens=787 ttft=3.11
cache nf U=20 round=1 user=13 tokens=807 ttft=0.98
cache nf U=20 round=1 user=14 tokens=860 ttft=1.30
cache nf U=20 round=1 user=15 tokens=827 ttft=0.99
cache nf U=20 round=1 user=16 tokens=698 ttft=2.21
cache nf U=20 round=1 user=17 tokens=760 ttft=2.83
cache nf U=20 round=1 user=18 tokens=930 ttft=2.34
cache nf U=20 round=1 user=19 tokens=945 ttft=2.25
cache nf U=20 round=2 user=0 tokens=847 ttft=1.39
cache nf U=20 round=2 user=1 tokens=799 ttft=0.91
cache nf U=20 round=2 user=2 tokens=787 ttft=3.13
cache nf U=20 round=2 user=3 tokens=806 ttft=1.05
cache nf U=20 round=2 user=4 tokens=863 ttft=1.44
cache nf U=20 round=2 user=5 tokens=823 ttft=1.12
cache nf U=20 round=2 user=6 tokens=704 ttft=2.17
cache nf U=20 round=2 user=7 tokens=766 ttft=2.80
cache nf U=20 round=2 user=8 tokens=930 ttft=2.51
cache nf U=20 round=2 user=9 tokens=944 ttft=2.30
cache nf U=20 round=2 user=10 tokens=849 ttft=1.37
cache nf U=20 round=2 user=11 tokens=802 ttft=1.06
cache nf U=20 round=2 user=12 tokens=784 ttft=3.13
cache nf U=20 round=2 user=13 tokens=808 ttft=1.01
cache nf U=20 round=2 user=14 tokens=856 ttft=1.28
cache nf U=20 round=2 user=15 tokens=821 ttft=1.02
cache nf U=20 round=2 user=16 tokens=701 ttft=2.21
cache nf U=20 round=2 user=17 tokens=763 ttft=2.83
cache nf U=20 round=2 user=18 tokens=928 ttft=2.04
cache nf U=20 round=2 user=19 tokens=943 ttft=2.31
cache secf1 U=24 round=0 user=0 tokens=804 ttft=8.01
cache secf1 U=24 round=0 user=1 tokens=753 ttft=7.37
cache secf1 U=24 round=0 user=2 tokens=734 ttft=7.36
cache secf1 U=24 round=0 user=3 tokens=767 ttft=7.68
cache secf1 U=24 round=0 user=4 tokens=822 ttft=8.02
cache secf1 U=24 round=0 user=5 tokens=787 ttft=7.73
cache secf1 U=24 round=0 user=6 tokens=646 ttft=6.41
cache secf1 U=24 round=0 user=7 tokens=733 ttft=7.35
cache secf1 U=24 round=0 user=8 tokens=883 ttft=8.65
cache secf1 U=24 round=0 user=9 tokens=907 ttft=8.95
cache secf1 U=24 round=0 user=10 tokens=803 ttft=8.00
cache secf1 U=24 round=0 user=11 tokens=752 ttft=7.36
cache secf1 U=24 round=0 user=12 tokens=732 ttft=7.35
cache secf1 U=24 round=0 user=13 tokens=767 ttft=7.68
cache secf1 U=24 round=0 user=14 tokens=824 ttft=8.02
cache secf1 U=24 round=0 user=15 tokens=786 ttft=7.77
cache secf1 U=24 round=0 user=16 tokens=645 ttft=6.45
cache secf1 U=24 round=0 user=17 tokens=739 ttft=7.41
cache secf1 U=24 round=0 user=18 tokens=879 ttft=8.65
cache secf1 U=24 round=0 user=19 tokens=911 ttft=8.97
cache secf1 U=24 round=0 user=20 tokens=806 ttft=8.00
cache secf1 U=24 round=0 user=21 tokens=751 ttft=7.37
cache secf1 U=24 round=0 user=22 tokens=734 ttft=7.36
cache secf1 U=24 round=0 user=23 tokens=769 ttft=7.68
cache secf1 U=24 round=1 user=0 tokens=807 ttft=0.99
cache secf1 U=24 round=1 user=1 tokens=752 ttft=2.77
cache secf1 U=24 round=1 user=2 tokens=732 ttft=2.77
cache secf1 U=24 round=1 user=3 tokens=766 ttft=2.83
cache secf1 U=24 round=1 user=4 tokens=825 ttft=1.05
cache secf1 U=24 round=1 user=5 tokens=789 ttft=3.12
cache secf1 U=24 round=1 user=6 tokens=646 ttft=1.87
cache secf1 U=24 round=1 user=7 tokens=728 ttft=2.51
cache secf1 U=24 round=1 user=8 tokens=878 ttft=1.72
cache secf1 U=24 round=1 user=9 tokens=907 ttft=1.96
cache secf1 U=24 round=1 user=10 tokens=807 ttft=0.96
cache secf1 U=24 round=1 user=11 tokens=760 ttft=2.82
cache secf1 U=24 round=1 user=12 tokens=728 ttft=2.49
cache secf1 U=24 round=1 user=13 tokens=765 ttft=2.80
cache secf1 U=24 round=1 user=14 tokens=824 ttft=1.00
cache secf1 U=24 round=1 user=15 tokens=789 ttft=3.16
cache secf1 U=24 round=1 user=16 tokens=645 ttft=1.91
cache secf1 U=24 round=1 user=17 tokens=731 ttft=2.48
cache secf1 U=24 round=1 user=18 tokens=879 ttft=1.71
cache secf1 U=24 round=1 user=19 tokens=904 ttft=2.03
cache secf1 U=24 round=1 user=20 tokens=811 ttft=1.03
cache secf1 U=24 round=1 user=21 tokens=754 ttft=2.83
cache secf1 U=24 round=1 user=22 tokens=737 ttft=2.83
cache secf1 U=24 round=1 user=23 tokens=769 ttft=3.15
cache secf1 U=24 round=2 user=0 tokens=803 ttft=0.95
cache secf1 U=24 round=2 user=1 tokens=757 ttft=2.79
cache secf1 U=24 round=2 user=2 tokens=732 ttft=2.69
cache secf1 U=24 round=2 user=3 tokens=769 ttft=3.11
cache secf1 U=24 round=2 user=4 tokens=824 ttft=1.03
cache secf1 U=24 round=2 user=5 tokens=787 ttft=3.11
cache secf1 U=24 round=2 user=6 tokens=645 ttft=1.88
cache secf1 U=24 round=2 user=7 tokens=731 ttft=2.53
cache secf1 U=24 round=2 user=8 tokens=880 ttft=1.68
cache secf1 U=24 round=2 user=9 tokens=907 ttft=1.96
cache secf1 U=24 round=2 user=10 tokens=802 ttft=0.94
cache secf1 U=24 round=2 user=11 tokens=755 ttft=2.81
cache secf1 U=24 round=2 user=12 tokens=728 ttft=2.49
cache secf1 U=24 round=2 user=13 tokens=771 ttft=3.13
cache secf1 U=24 round=2 user=14 tokens=832 ttft=1.03
cache secf1 U=24 round=2 user=15 tokens=785 ttft=3.12
cache secf1 U=24 round=2 user=16 tokens=643 ttft=1.85
cache secf1 U=24 round=2 user=17 tokens=731 ttft=2.48
cache secf1 U=24 round=2 user=18 tokens=880 ttft=1.76
cache secf1 U=24 round=2 user=19 tokens=904 ttft=2.03
cache secf1 U=24 round=2 user=20 tokens=803 ttft=0.98
cache secf1 U=24 round=2 user=21 tokens=754 ttft=2.84
cache secf1 U=24 round=2 user=22 tokens=730 ttft=2.58
cache secf1 U=24 round=2 user=23 tokens=774 ttft=3.13
cache nf U=24 round=0 user=0 tokens=846 ttft=8.33
cache nf U=24 round=0 user=1 tokens=800 ttft=8.00
cache nf U=24 round=0 user=2 tokens=789 ttft=7.68
cache nf U=24 round=0 user=3 tokens=806 ttft=8.00
cache nf U=24 round=0 user=4 tokens=854 ttft=8.33
cache nf U=24 round=0 user=5 tokens=823 ttft=8.05
cache nf U=24 round=0 user=6 tokens=699 ttft=6.74
cache nf U=24 round=0 user=7 tokens=765 ttft=7.66
cache nf U=24 round=0 user=8 tokens=936 ttft=9.33
cache nf U=24 round=0 user=9 tokens=942 ttft=9.34
cache nf U=24 round=0 user=10 tokens=845 ttft=8.32
cache nf U=24 round=0 user=11 tokens=798 ttft=8.00
cache nf U=24 round=0 user=12 tokens=788 ttft=7.69
cache nf U=24 round=0 user=13 tokens=807 ttft=8.00
cache nf U=24 round=0 user=14 tokens=856 ttft=8.39
cache nf U=24 round=0 user=15 tokens=824 ttft=8.06
cache nf U=24 round=0 user=16 tokens=697 ttft=6.78
cache nf U=24 round=0 user=17 tokens=770 ttft=7.72
cache nf U=24 round=0 user=18 tokens=932 ttft=9.29
cache nf U=24 round=0 user=19 tokens=946 ttft=9.30
cache nf U=24 round=0 user=20 tokens=848 ttft=8.32
cache nf U=24 round=0 user=21 tokens=798 ttft=8.00
cache nf U=24 round=0 user=22 tokens=787 ttft=7.68
cache nf U=24 round=0 user=23 tokens=807 ttft=8.01
cache nf U=24 round=1 user=0 tokens=849 ttft=1.31
cache nf U=24 round=1 user=1 tokens=799 ttft=0.67
cache nf U=24 round=1 user=2 tokens=787 ttft=3.19
cache nf U=24 round=1 user=3 tokens=805 ttft=1.13
cache nf U=24 round=1 user=4 tokens=857 ttft=1.46
cache nf U=24 round=1 user=5 tokens=825 ttft=1.01
cache nf U=24 round=1 user=6 tokens=699 ttft=2.19
cache nf U=24 round=1 user=7 tokens=760 ttft=2.84
cache nf U=24 round=1 user=8 tokens=931 ttft=2.31
cache nf U=24 round=1 user=9 tokens=942 ttft=2.27
cache nf U=24 round=1 user=10 tokens=849 ttft=1.34
cache nf U=24 round=1 user=11 tokens=806 ttft=1.04
cache nf U=24 round=1 user=12 tokens=784 ttft=3.14
cache nf U=24 round=1 user=13 tokens=805 ttft=0.99
cache nf U=24 round=1 user=14 tokens=856 ttft=1.31
cache nf U=24 round=1 user=15 tokens=827 ttft=0.97
cache nf U=24 round=1 user=16 tokens=697 ttft=2.19
cache nf U=24 round=1 user=17 tokens=762 ttft=2.84
cache nf U=24 round=1 user=18 tokens=932 ttft=2.36
cache nf U=24 round=1 user=19 tokens=939 ttft=2.28
cache nf U=24 round=1 user=20 tokens=853 ttft=1.33
cache nf U=24 round=1 user=21 tokens=801 ttft=0.97
cache nf U=24 round=1 user=22 tokens=790 ttft=3.16
cache nf U=24 round=1 user=23 tokens=807 ttft=1.01
cache nf U=24 round=2 user=0 tokens=845 ttft=1.30
cache nf U=24 round=2 user=1 tokens=804 ttft=1.00
cache nf U=24 round=2 user=2 tokens=787 ttft=3.19
cache nf U=24 round=2 user=3 tokens=808 ttft=1.13
cache nf U=24 round=2 user=4 tokens=856 ttft=1.32
cache nf U=24 round=2 user=5 tokens=823 ttft=1.05
cache nf U=24 round=2 user=6 tokens=698 ttft=2.18
cache nf U=24 round=2 user=7 tokens=763 ttft=2.88
cache nf U=24 round=2 user=8 tokens=933 ttft=2.29
cache nf U=24 round=2 user=9 tokens=942 ttft=2.27
cache nf U=24 round=2 user=10 tokens=844 ttft=1.29
cache nf U=24 round=2 user=11 tokens=801 ttft=1.02
cache nf U=24 round=2 user=12 tokens=784 ttft=3.16
cache nf U=24 round=2 user=13 tokens=811 ttft=1.05
cache nf U=24 round=2 user=14 tokens=864 ttft=1.28
cache nf U=24 round=2 user=15 tokens=823 ttft=1.06
cache nf U=24 round=2 user=16 tokens=695 ttft=2.19
cache nf U=24 round=2 user=17 tokens=762 ttft=2.82
cache nf U=24 round=2 user=18 tokens=933 ttft=2.28
cache nf U=24 round=2 user=19 tokens=939 ttft=2.24
cache nf U=24 round=2 user=20 tokens=845 ttft=1.28
cache nf U=24 round=2 user=21 tokens=801 ttft=0.99
cache nf U=24 round=2 user=22 tokens=783 ttft=3.16
cache nf U=24 round=2 user=23 tokens=812 ttft=1.00
cache secf1 U=28 round=0 user=0 tokens=803 ttft=8.00
cache secf1 U=28 round=0 user=1 tokens=751 ttft=7.37
cache secf1 U=28 round=0 user=2 tokens=733 ttft=7.35
cache secf1 U=28 round=0 user=3 tokens=766 ttft=7.66
cache secf1 U=28 round=0 user=4 tokens=820 ttft=8.02
cache secf1 U=28 round=0 user=5 tokens=786 ttft=7.73
cache secf1 U=28 round=0 user=6 tokens=644 ttft=6.40
cache secf1 U=28 round=0 user=7 tokens=730 ttft=7.04
cache secf1 U=28 round=0 user=8 tokens=883 ttft=8.65
cache secf1 U=28 round=0 user=9 tokens=905 ttft=8.96
cache secf1 U=28 round=0 user=10 tokens=802 ttft=8.00
cache secf1 U=28 round=0 user=11 tokens=751 ttft=7.36
cache secf1 U=28 round=0 user=12 tokens=734 ttft=7.35
cache secf1 U=28 round=0 user=13 tokens=767 ttft=7.68
cache secf1 U=28 round=0 user=14 tokens=823 ttft=8.01
cache secf1 U=28 round=0 user=15 tokens=784 ttft=7.73
cache secf1 U=28 round=0 user=16 tokens=643 ttft=6.45
cache secf1 U=28 round=0 user=17 tokens=739 ttft=7.41
cache secf1 U=28 round=0 user=18 tokens=879 ttft=8.70
cache secf1 U=28 round=0 user=19 tokens=912 ttft=8.97
cache secf1 U=28 round=0 user=20 tokens=807 ttft=8.00
cache secf1 U=28 round=0 user=21 tokens=750 ttft=7.36
cache secf1 U=28 round=0 user=22 tokens=732 ttft=7.36
cache secf1 U=28 round=0 user=23 tokens=768 ttft=7.68
cache secf1 U=28 round=0 user=24 tokens=827 ttft=7.99
cache secf1 U=28 round=0 user=25 tokens=783 ttft=7.68
cache secf1 U=28 round=0 user=26 tokens=642 ttft=6.40
cache secf1 U=28 round=0 user=27 tokens=730 ttft=7.04
cache secf1 U=28 round=1 user=0 tokens=803 ttft=1.05
cache secf1 U=28 round=1 user=1 tokens=755 ttft=2.79
cache secf1 U=28 round=1 user=2 tokens=730 ttft=2.56
cache secf1 U=28 round=1 user=3 tokens=762 ttft=2.83
cache secf1 U=28 round=1 user=4 tokens=825 ttft=1.06
cache secf1 U=28 round=1 user=5 tokens=785 ttft=3.14
cache secf1 U=28 round=1 user=6 tokens=645 ttft=1.96
cache secf1 U=28 round=1 user=7 tokens=733 ttft=2.49
cache secf1 U=28 round=1 user=8 tokens=877 ttft=1.70
cache secf1 U=28 round=1 user=9 tokens=902 ttft=1.96
cache secf1 U=28 round=1 user=10 tokens=803 ttft=1.05
cache secf1 U=28 round=1 user=11 tokens=755 ttft=2.85
cache secf1 U=28 round=1 user=12 tokens=729 ttft=2.51
cache secf1 U=28 round=1 user=13 tokens=766 ttft=2.79
cache secf1 U=28 round=1 user=14 tokens=826 ttft=1.03
cache secf1 U=28 round=1 user=15 tokens=782 ttft=3.17
cache secf1 U=28 round=1 user=16 tokens=650 ttft=1.87
cache secf1 U=28 round=1 user=17 tokens=734 ttft=2.54
cache secf1 U=28 round=1 user=18 tokens=884 ttft=1.78
cache secf1 U=28 round=1 user=19 tokens=907 ttft=1.98
cache secf1 U=28 round=1 user=20 tokens=804 ttft=1.05
cache secf1 U=28 round=1 user=21 tokens=755 ttft=2.80
cache secf1 U=28 round=1 user=22 tokens=730 ttft=2.57
cache secf1 U=28 round=1 user=23 tokens=769 ttft=3.20
cache secf1 U=28 round=1 user=24 tokens=823 ttft=0.97
cache secf1 U=28 round=1 user=25 tokens=786 ttft=3.16
cache secf1 U=28 round=1 user=26 tokens=642 ttft=1.92
cache secf1 U=28 round=1 user=27 tokens=730 ttft=2.50
cache secf1 U=28 round=2 user=0 tokens=807 ttft=1.12
cache secf1 U=28 round=2 user=1 tokens=752 ttft=2.79
cache secf1 U=28 round=2 user=2 tokens=726 ttft=2.52
cache secf1 U=28 round=2 user=3 tokens=767 ttft=2.84
cache secf1 U=28 round=2 user=4 tokens=824 ttft=1.07
cache secf1 U=28 round=2 user=5 tokens=787 ttft=3.16
cache secf1 U=28 round=2 user=6 tokens=648 ttft=2.01
cache secf1 U=28 round=2 user=7 tokens=729 ttft=2.48
cache secf1 U=28 round=2 user=8 tokens=874 ttft=1.60
cache secf1 U=28 round=2 user=9 tokens=903 ttft=1.99
cache secf1 U=28 round=2 user=10 tokens=809 ttft=1.09
cache secf1 U=28 round=2 user=11 tokens=752 ttft=2.80
cache secf1 U=28 round=2 user=12 tokens=728 ttft=2.51
cache secf1 U=28 round=2 user=13 tokens=769 ttft=3.10
cache secf1 U=28 round=2 user=14 tokens=824 ttft=1.15
cache secf1 U=28 round=2 user=15 tokens=789 ttft=3.18
cache secf1 U=28 round=2 user=16 tokens=645 ttft=1.95
cache secf1 U=28 round=2 user=17 tokens=739 ttft=2.83
cache secf1 U=28 round=2 user=18 tokens=879 ttft=1.73
cache secf1 U=28 round=2 user=19 tokens=904 ttft=1.97
cache secf1 U=28 round=2 user=20 tokens=809 ttft=1.10
cache secf1 U=28 round=2 user=21 tokens=753 ttft=2.82
cache secf1 U=28 round=2 user=22 tokens=731 ttft=2.58
cache secf1 U=28 round=2 user=23 tokens=765 ttft=2.89
cache secf1 U=28 round=2 user=24 tokens=825 ttft=0.99
cache secf1 U=28 round=2 user=25 tokens=784 ttft=3.17
cache secf1 U=28 round=2 user=26 tokens=642 ttft=1.86
cache secf1 U=28 round=2 user=27 tokens=734 ttft=2.51
cache nf U=28 round=0 user=0 tokens=847 ttft=8.32
cache nf U=28 round=0 user=1 tokens=799 ttft=8.00
cache nf U=28 round=0 user=2 tokens=789 ttft=7.68
cache nf U=28 round=0 user=3 tokens=807 ttft=8.01
cache nf U=28 round=0 user=4 tokens=852 ttft=8.32
cache nf U=28 round=0 user=5 tokens=823 ttft=8.05
cache nf U=28 round=0 user=6 tokens=699 ttft=6.71
cache nf U=28 round=0 user=7 tokens=765 ttft=7.66
cache nf U=28 round=0 user=8 tokens=937 ttft=9.33
cache nf U=28 round=0 user=9 tokens=940 ttft=9.29
cache nf U=28 round=0 user=10 tokens=843 ttft=8.31
cache nf U=28 round=0 user=11 tokens=798 ttft=8.00
cache nf U=28 round=0 user=12 tokens=788 ttft=7.69
cache nf U=28 round=0 user=13 tokens=806 ttft=8.00
cache nf U=28 round=0 user=14 tokens=856 ttft=8.33
cache nf U=28 round=0 user=15 tokens=823 ttft=8.08
cache nf U=28 round=0 user=16 tokens=698 ttft=6.78
cache nf U=28 round=0 user=17 tokens=771 ttft=7.74
cache nf U=28 round=0 user=18 tokens=932 ttft=9.32
cache nf U=28 round=0 user=19 tokens=948 ttft=9.30
cache nf U=28 round=0 user=20 tokens=846 ttft=8.32
cache nf U=28 round=0 user=21 tokens=799 ttft=8.06
cache nf U=28 round=0 user=22 tokens=789 ttft=7.69
cache nf U=28 round=0 user=23 tokens=809 ttft=8.01
cache nf U=28 round=0 user=24 tokens=860 ttft=8.64
cache nf U=28 round=0 user=25 tokens=819 ttft=8.01
cache nf U=28 round=0 user=26 tokens=696 ttft=6.73
cache nf U=28 round=0 user=27 tokens=764 ttft=7.66
cache nf U=28 round=1 user=0 tokens=847 ttft=1.40
cache nf U=28 round=1 user=1 tokens=803 ttft=1.05
cache nf U=28 round=1 user=2 tokens=786 ttft=3.10
cache nf U=28 round=1 user=3 tokens=803 ttft=1.02
cache nf U=28 round=1 user=4 tokens=857 ttft=1.33
cache nf U=28 round=1 user=5 tokens=822 ttft=0.99
cache nf U=28 round=1 user=6 tokens=700 ttft=2.19
cache nf U=28 round=1 user=7 tokens=768 ttft=2.74
cache nf U=28 round=1 user=8 tokens=931 ttft=2.24
cache nf U=28 round=1 user=9 tokens=937 ttft=2.28
cache nf U=28 round=1 user=10 tokens=844 ttft=1.32
cache nf U=28 round=1 user=11 tokens=802 ttft=1.00
cache nf U=28 round=1 user=12 tokens=783 ttft=3.16
cache nf U=28 round=1 user=13 tokens=805 ttft=1.06
cache nf U=28 round=1 user=14 tokens=859 ttft=1.31
cache nf U=28 round=1 user=15 tokens=821 ttft=1.01
cache nf U=28 round=1 user=16 tokens=705 ttft=2.46
cache nf U=28 round=1 user=17 tokens=766 ttft=2.79
cache nf U=28 round=1 user=18 tokens=937 ttft=2.42
cache nf U=28 round=1 user=19 tokens=943 ttft=2.26
cache nf U=28 round=1 user=20 tokens=843 ttft=1.32
cache nf U=28 round=1 user=21 tokens=804 ttft=1.05
cache nf U=28 round=1 user=22 tokens=787 ttft=3.17
cache nf U=28 round=1 user=23 tokens=810 ttft=1.11
cache nf U=28 round=1 user=24 tokens=856 ttft=1.32
cache nf U=28 round=1 user=25 tokens=822 ttft=1.06
cache nf U=28 round=1 user=26 tokens=696 ttft=2.19
cache nf U=28 round=1 user=27 tokens=764 ttft=2.79
cache nf U=28 round=2 user=0 tokens=851 ttft=1.47
cache nf U=28 round=2 user=1 tokens=800 ttft=0.77
cache nf U=28 round=2 user=2 tokens=782 ttft=3.11
cache nf U=28 round=2 user=3 tokens=808 ttft=0.98
cache nf U=28 round=2 user=4 tokens=856 ttft=1.34
cache nf U=28 round=2 user=5 tokens=824 ttft=0.99
cache nf U=28 round=2 user=6 tokens=703 ttft=2.28
cache nf U=28 round=2 user=7 tokens=764 ttft=2.85
cache nf U=28 round=2 user=8 tokens=928 ttft=1.94
cache nf U=28 round=2 user=9 tokens=938 ttft=2.28
cache nf U=28 round=2 user=10 tokens=850 ttft=1.30
cache nf U=28 round=2 user=11 tokens=799 ttft=0.69
cache nf U=28 round=2 user=12 tokens=782 ttft=3.12
cache nf U=28 round=2 user=13 tokens=808 ttft=1.08
cache nf U=28 round=2 user=14 tokens=857 ttft=1.35
cache nf U=28 round=2 user=15 tokens=828 ttft=0.98
cache nf U=28 round=2 user=16 tokens=700 ttft=2.17
cache nf U=28 round=2 user=17 tokens=771 ttft=3.08
cache nf U=28 round=2 user=18 tokens=932 ttft=2.26
cache nf U=28 round=2 user=19 tokens=940 ttft=2.23
cache nf U=28 round=2 user=20 tokens=848 ttft=1.31
cache nf U=28 round=2 user=21 tokens=802 ttft=1.05
cache nf U=28 round=2 user=22 tokens=788 ttft=3.17
cache nf U=28 round=2 user=23 tokens=806 ttft=1.04
cache nf U=28 round=2 user=24 tokens=858 ttft=1.32
cache nf U=28 round=2 user=25 tokens=820 ttft=1.07
cache nf U=28 round=2 user=26 tokens=696 ttft=2.21
cache nf U=28 round=2 user=27 tokens=768 ttft=2.79
cache secf1 U=32 round=0 user=0 tokens=805 ttft=8.02
cache secf1 U=32 round=0 user=1 tokens=753 ttft=7.37
cache secf1 U=32 round=0 user=2 tokens=733 ttft=7.36
cache secf1 U=32 round=0 user=3 tokens=768 ttft=7.67
cache secf1 U=32 round=0 user=4 tokens=822 ttft=8.02
cache secf1 U=32 round=0 user=5 tokens=787 ttft=7.73
cache secf1 U=32 round=0 user=6 tokens=646 ttft=6.41
cache secf1 U=32 round=0 user=7 tokens=732 ttft=7.36
cache secf1 U=32 round=0 user=8 tokens=882 ttft=8.65
cache secf1 U=32 round=0 user=9 tokens=907 ttft=8.96
cache secf1 U=32 round=0 user=10 tokens=803 ttft=8.00
cache secf1 U=32 round=0 user=11 tokens=752 ttft=7.37
cache secf1 U=32 round=0 user=12 tokens=735 ttft=7.35
cache secf1 U=32 round=0 user=13 tokens=766 ttft=7.68
cache secf1 U=32 round=0 user=14 tokens=821 ttft=8.03
cache secf1 U=32 round=0 user=15 tokens=786 ttft=7.78
cache secf1 U=32 round=0 user=16 tokens=643 ttft=6.45
cache secf1 U=32 round=0 user=17 tokens=738 ttft=7.42
cache secf1 U=32 round=0 user=18 tokens=878 ttft=8.70
cache secf1 U=32 round=0 user=19 tokens=912 ttft=8.97
cache secf1 U=32 round=0 user=20 tokens=807 ttft=8.00
cache secf1 U=32 round=0 user=21 tokens=750 ttft=7.37
cache secf1 U=32 round=0 user=22 tokens=732 ttft=7.35
cache secf1 U=32 round=0 user=23 tokens=767 ttft=7.75
cache secf1 U=32 round=0 user=24 tokens=827 ttft=7.98
cache secf1 U=32 round=0 user=25 tokens=783 ttft=7.69
cache secf1 U=32 round=0 user=26 tokens=644 ttft=6.40
cache secf1 U=32 round=0 user=27 tokens=730 ttft=7.04
cache secf1 U=32 round=0 user=28 tokens=877 ttft=8.64
cache secf1 U=32 round=0 user=29 tokens=910 ttft=8.96
cache secf1 U=32 round=0 user=30 tokens=804 ttft=8.00
cache secf1 U=32 round=0 user=31 tokens=750 ttft=7.37
cache secf1 U=32 round=1 user=0 tokens=807 ttft=1.14
cache secf1 U=32 round=1 user=1 tokens=754 ttft=2.79
cache secf1 U=32 round=1 user=2 tokens=732 ttft=2.52
cache secf1 U=32 round=1 user=3 tokens=774 ttft=3.08
cache secf1 U=32 round=1 user=4 tokens=826 ttft=1.04
cache secf1 U=32 round=1 user=5 tokens=783 ttft=3.17
cache secf1 U=32 round=1 user=6 tokens=644 ttft=1.83
cache secf1 U=32 round=1 user=7 tokens=734 ttft=2.55
cache secf1 U=32 round=1 user=8 tokens=875 ttft=1.63
cache secf1 U=32 round=1 user=9 tokens=905 ttft=1.94
cache secf1 U=32 round=1 user=10 tokens=807 ttft=1.03
cache secf1 U=32 round=1 user=11 tokens=753 ttft=2.84
cache secf1 U=32 round=1 user=12 tokens=737 ttft=2.84
cache secf1 U=32 round=1 user=13 tokens=768 ttft=2.77
cache secf1 U=32 round=1 user=14 tokens=829 ttft=1.02
cache secf1 U=32 round=1 user=15 tokens=786 ttft=3.17
cache secf1 U=32 round=1 user=16 tokens=642 ttft=1.93
cache secf1 U=32 round=1 user=17 tokens=735 ttft=2.61
cache secf1 U=32 round=1 user=18 tokens=878 ttft=1.79
cache secf1 U=32 round=1 user=19 tokens=908 ttft=1.96
cache secf1 U=32 round=1 user=20 tokens=804 ttft=1.01
cache secf1 U=32 round=1 user=21 tokens=753 ttft=2.85
cache secf1 U=32 round=1 user=22 tokens=728 ttft=2.61
cache secf1 U=32 round=1 user=23 tokens=765 ttft=2.82
cache secf1 U=32 round=1 user=24 tokens=828 ttft=1.04
cache secf1 U=32 round=1 user=25 tokens=785 ttft=3.19
cache secf1 U=32 round=1 user=26 tokens=641 ttft=1.86
cache secf1 U=32 round=1 user=27 tokens=732 ttft=2.50
cache secf1 U=32 round=1 user=28 tokens=878 ttft=1.74
cache secf1 U=32 round=1 user=29 tokens=908 ttft=2.08
cache secf1 U=32 round=1 user=30 tokens=808 ttft=1.17
cache secf1 U=32 round=1 user=31 tokens=754 ttft=2.81
cache secf1 U=32 round=2 user=0 tokens=803 ttft=1.05
cache secf1 U=32 round=2 user=1 tokens=752 ttft=2.79
cache secf1 U=32 round=2 user=2 tokens=734 ttft=2.54
cache secf1 U=32 round=2 user=3 tokens=767 ttft=2.90
cache secf1 U=32 round=2 user=4 tokens=824 ttft=1.14
cache secf1 U=32 round=2 user=5 tokens=787 ttft=3.28
cache secf1 U=32 round=2 user=6 tokens=645 ttft=1.92
cache secf1 U=32 round=2 user=7 tokens=737 ttft=2.84
cache secf1 U=32 round=2 user=8 tokens=877 ttft=1.70
cache secf1 U=32 round=2 user=9 tokens=913 ttft=1.92
cache secf1 U=32 round=2 user=10 tokens=807 ttft=1.04
cache secf1 U=32 round=2 user=11 tokens=752 ttft=2.82
cache secf1 U=32 round=2 user=12 tokens=734 ttft=2.50
cache secf1 U=32 round=2 user=13 tokens=768 ttft=2.81
cache secf1 U=32 round=2 user=14 tokens=825 ttft=1.07
cache secf1 U=32 round=2 user=15 tokens=783 ttft=3.26
cache secf1 U=32 round=2 user=16 tokens=643 ttft=2.09
cache secf1 U=32 round=2 user=17 tokens=731 ttft=2.89
cache secf1 U=32 round=2 user=18 tokens=876 ttft=1.87
cache secf1 U=32 round=2 user=19 tokens=909 ttft=2.23
cache secf1 U=32 round=2 user=20 tokens=806 ttft=1.08
cache secf1 U=32 round=2 user=21 tokens=748 ttft=2.87
cache secf1 U=32 round=2 user=22 tokens=730 ttft=2.61
cache secf1 U=32 round=2 user=23 tokens=766 ttft=2.92
cache secf1 U=32 round=2 user=24 tokens=828 ttft=1.32
cache secf1 U=32 round=2 user=25 tokens=790 ttft=3.37
cache secf1 U=32 round=2 user=26 tokens=645 ttft=1.97
cache secf1 U=32 round=2 user=27 tokens=728 ttft=2.56
cache secf1 U=32 round=2 user=28 tokens=876 ttft=2.05
cache secf1 U=32 round=2 user=29 tokens=910 ttft=2.31
cache secf1 U=32 round=2 user=30 tokens=803 ttft=1.31
cache secf1 U=32 round=2 user=31 tokens=752 ttft=2.87
cache nf U=32 round=0 user=0 tokens=846 ttft=8.46
cache nf U=32 round=0 user=1 tokens=799 ttft=8.13
cache nf U=32 round=0 user=2 tokens=789 ttft=7.93
cache nf U=32 round=0 user=3 tokens=808 ttft=8.16
cache nf U=32 round=0 user=4 tokens=854 ttft=8.52
cache nf U=32 round=0 user=5 tokens=823 ttft=8.25
cache nf U=32 round=0 user=6 tokens=697 ttft=6.86
cache nf U=32 round=0 user=7 tokens=764 ttft=7.84
cache nf U=32 round=0 user=8 tokens=937 ttft=9.52
cache nf U=32 round=0 user=9 tokens=942 ttft=9.48
cache nf U=32 round=0 user=10 tokens=844 ttft=8.48
cache nf U=32 round=0 user=11 tokens=799 ttft=8.18
cache nf U=32 round=0 user=12 tokens=790 ttft=7.83
cache nf U=32 round=0 user=13 tokens=806 ttft=8.18
cache nf U=32 round=0 user=14 tokens=856 ttft=8.51
cache nf U=32 round=0 user=15 tokens=823 ttft=8.20
cache nf U=32 round=0 user=16 tokens=696 ttft=6.97
cache nf U=32 round=0 user=17 tokens=771 ttft=7.89
cache nf U=32 round=0 user=18 tokens=933 ttft=9.44
cache nf U=32 round=0 user=19 tokens=948 ttft=9.46
cache nf U=32 round=0 user=20 tokens=848 ttft=8.49
cache nf U=32 round=0 user=21 tokens=799 ttft=8.13
cache nf U=32 round=0 user=22 tokens=788 ttft=7.83
cache nf U=32 round=0 user=23 tokens=808 ttft=8.34
cache nf U=32 round=0 user=24 tokens=860 ttft=8.79
cache nf U=32 round=0 user=25 tokens=820 ttft=8.15
cache nf U=32 round=0 user=26 tokens=696 ttft=6.84
cache nf U=32 round=0 user=27 tokens=762 ttft=7.55
cache nf U=32 round=0 user=28 tokens=930 ttft=9.55
cache nf U=32 round=0 user=29 tokens=944 ttft=9.73
cache nf U=32 round=0 user=30 tokens=848 ttft=8.45
cache nf U=32 round=0 user=31 tokens=797 ttft=8.33
cache nf U=32 round=1 user=0 tokens=848 ttft=1.47
cache nf U=32 round=1 user=1 tokens=800 ttft=0.82
cache nf U=32 round=1 user=2 tokens=788 ttft=3.17
cache nf U=32 round=1 user=3 tokens=814 ttft=1.08
cache nf U=32 round=1 user=4 tokens=858 ttft=1.74
cache nf U=32 round=1 user=5 tokens=819 ttft=1.28
cache nf U=32 round=1 user=6 tokens=695 ttft=2.26
cache nf U=32 round=1 user=7 tokens=766 ttft=2.90
cache nf U=32 round=1 user=8 tokens=930 ttft=2.45
cache nf U=32 round=1 user=9 tokens=940 ttft=2.57
cache nf U=32 round=1 user=10 tokens=848 ttft=1.52
cache nf U=32 round=1 user=11 tokens=800 ttft=0.69
cache nf U=32 round=1 user=12 tokens=792 ttft=3.20
cache nf U=32 round=1 user=13 tokens=808 ttft=1.08
cache nf U=32 round=1 user=14 tokens=864 ttft=1.48
cache nf U=32 round=1 user=15 tokens=823 ttft=1.13
cache nf U=32 round=1 user=16 tokens=695 ttft=2.26
cache nf U=32 round=1 user=17 tokens=768 ttft=2.87
cache nf U=32 round=1 user=18 tokens=933 ttft=2.35
cache nf U=32 round=1 user=19 tokens=944 ttft=2.42
cache nf U=32 round=1 user=20 tokens=845 ttft=1.40
cache nf U=32 round=1 user=21 tokens=802 ttft=1.23
cache nf U=32 round=1 user=22 tokens=784 ttft=3.26
cache nf U=32 round=1 user=23 tokens=806 ttft=1.17
cache nf U=32 round=1 user=24 tokens=861 ttft=1.43
cache nf U=32 round=1 user=25 tokens=822 ttft=1.09
cache nf U=32 round=1 user=26 tokens=693 ttft=2.39
cache nf U=32 round=1 user=27 tokens=764 ttft=2.95
cache nf U=32 round=1 user=28 tokens=931 ttft=2.43
cache nf U=32 round=1 user=29 tokens=942 ttft=2.43
cache nf U=32 round=1 user=30 tokens=852 ttft=1.43
cache nf U=32 round=1 user=31 tokens=801 ttft=1.23
cache nf U=32 round=2 user=0 tokens=844 ttft=1.48
cache nf U=32 round=2 user=1 tokens=798 ttft=0.98
cache nf U=32 round=2 user=2 tokens=790 ttft=3.28
cache nf U=32 round=2 user=3 tokens=807 ttft=1.29
cache nf U=32 round=2 user=4 tokens=856 ttft=1.55
cache nf U=32 round=2 user=5 tokens=823 ttft=1.35
cache nf U=32 round=2 user=6 tokens=696 ttft=2.37
cache nf U=32 round=2 user=7 tokens=769 ttft=3.23
cache nf U=32 round=2 user=8 tokens=932 ttft=2.34
cache nf U=32 round=2 user=9 tokens=948 ttft=2.41
cache nf U=32 round=2 user=10 tokens=848 ttft=1.44
cache nf U=32 round=2 user=11 tokens=799 ttft=0.73
cache nf U=32 round=2 user=12 tokens=789 ttft=3.19
cache nf U=32 round=2 user=13 tokens=808 ttft=1.10
cache nf U=32 round=2 user=14 tokens=860 ttft=1.60
cache nf U=32 round=2 user=15 tokens=820 ttft=1.12
cache nf U=32 round=2 user=16 tokens=696 ttft=2.52
cache nf U=32 round=2 user=17 tokens=764 ttft=2.91
cache nf U=32 round=2 user=18 tokens=931 ttft=2.47
cache nf U=32 round=2 user=19 tokens=945 ttft=2.35
cache nf U=32 round=2 user=20 tokens=847 ttft=1.47
cache nf U=32 round=2 user=21 tokens=797 ttft=0.73
cache nf U=32 round=2 user=22 tokens=786 ttft=3.13
cache nf U=32 round=2 user=23 tokens=807 ttft=1.03
cache nf U=32 round=2 user=24 tokens=861 ttft=1.29
cache nf U=32 round=2 user=25 tokens=827 ttft=1.02
cache nf U=32 round=2 user=26 tokens=697 ttft=2.28
cache nf U=32 round=2 user=27 tokens=760 ttft=2.85
cache nf U=32 round=2 user=28 tokens=929 ttft=2.36
cache nf U=32 round=2 user=29 tokens=944 ttft=2.33
cache nf U=32 round=2 user=30 tokens=847 ttft=1.37
cache nf U=32 round=2 user=31 tokens=799 ttft=0.82
stage cache done 08:50
ALL DONE
