google/gemma-4-12b tm600 L0@600: status=61.7% time=95.0% ctx=11360tok cold_ttft=123.6s
google/gemma-4-12b tm600 m@600: status=76.7% time=80.0% ctx=10099tok cold_ttft=110.1s
google/gemma-4-12b tm600 L0-tm@534: status=65.0% time=95.0% ctx=10158tok cold_ttft=114.3s
google/gemma-4-12b tm600 m-tm@674: status=68.3% time=85.0% ctx=11309tok cold_ttft=124.2s
google/gemma-4-12b tm300 L0@300: status=80.0% time=100.0% ctx=5684tok cold_ttft=60.9s
google/gemma-4-12b tm300 m@300: status=80.0% time=85.0% ctx=5020tok cold_ttft=52.2s
google/gemma-4-12b tm300 L0-tm@267: status=83.3% time=95.0% ctx=5070tok cold_ttft=52.1s
google/gemma-4-12b tm300 m-tm@337: status=85.0% time=95.0% ctx=5633tok cold_ttft=58.9s
google/gemma-4-12b ablation300 L0: status=80.0% time=95.0% ctx=5684tok cold_ttft=59.2s
google/gemma-4-12b ablation300 no-filler: status=80.0% time=100.0% ctx=5041tok cold_ttft=52.0s
google/gemma-4-12b ablation300 no-polite: status=83.3% time=90.0% ctx=5654tok cold_ttft=60.9s
google/gemma-4-12b ablation300 no-particle: status=80.0% time=95.0% ctx=5445tok cold_ttft=56.8s
google/gemma-4-12b ablation300 state-normalized: status=80.0% time=95.0% ctx=5684tok cold_ttft=58.3s
google/gemma-4-12b ablation300 no-chitchat(oracle): status=80.0% time=95.0% ctx=5024tok cold_ttft=49.9s
google/gemma-4-12b ablation300 surface-stripped: status=85.0% time=85.0% ctx=4751tok cold_ttft=46.9s
google/gemma-4-12b ablation300 surface-stripped+state: status=88.3% time=90.0% ctx=4751tok cold_ttft=46.7s
google/gemma-4-12b ablation300 content-only: status=55.0% time=95.0% ctx=4427tok cold_ttft=43.2s
google/gemma-4-12b ablation300 sudachi-m: status=80.0% time=85.0% ctx=5020tok cold_ttft=49.8s
google/gemma-4-12b ablation300 sudachi-g: status=80.0% time=80.0% ctx=4004tok cold_ttft=39.3s
google/gemma-4-12b ablation300 naive: status=35.0% time=75.0% ctx=3233tok cold_ttft=32.7s
google/gemma-4-12b ablation300 m+case-particles: status=80.0% time=90.0% ctx=5567tok cold_ttft=59.2s
google/gemma-4-12b ablation300 m+connectors: status=81.7% time=80.0% ctx=5172tok cold_ttft=55.3s
google/gemma-4-12b ablation300 m+conjugation: status=86.7% time=95.0% ctx=4944tok cold_ttft=49.3s
google/gemma-4-12b ablation300 m+polite: status=81.7% time=90.0% ctx=5181tok cold_ttft=51.9s
google/gemma-4-12b ablation300 m+filler: status=75.0% time=85.0% ctx=5361tok cold_ttft=53.5s
google/gemma-4-12b ablation300 m-sentence-sep: status=83.3% time=95.0% ctx=4823tok cold_ttft=47.4s
google/gemma-4-12b ablation300 m-negation: status=73.3% time=80.0% ctx=4882tok cold_ttft=48.0s
google/gemma-4-12b ablation300 m-tense: status=78.3% time=100.0% ctx=4792tok cold_ttft=47.8s
google/gemma-4-12b ablation300 m-desire: status=83.3% time=85.0% ctx=4986tok cold_ttft=49.6s
google/gemma-4-12b ablation300 m-volition: status=83.3% time=90.0% ctx=5004tok cold_ttft=49.5s
google/gemma-4-12b ablation300 m-uncertainty(かも): status=68.3% time=90.0% ctx=4932tok cold_ttft=49.0s
google/gemma-4-12b ablation300 m-evidential(らしい/みたい): status=85.0% time=95.0% ctx=4931tok cold_ttft=52.2s
google/gemma-4-12b ablation300 m-word-order-rev: status=26.7% time=15.0% ctx=5017tok cold_ttft=50.4s
google/gemma-4-12b ablation300 m-word-order-shuffle: status=46.7% time=45.0% ctx=5002tok cold_ttft=49.6s
google/gemma-4-12b ablation300 m-subject(control): status=36.7% time=30.0% ctx=3639tok cold_ttft=37.3s
google/gemma-4-12b ablation300 ginza-d: status=80.0% time=80.0% ctx=5883tok cold_ttft=59.1s
google/gemma-4-12b tm100 L0@100: status=90.0% time=100.0% ctx=1907tok cold_ttft=18.7s
google/gemma-4-12b tm100 m@100: status=91.7% time=81.8% ctx=1689tok cold_ttft=18.3s
google/gemma-4-12b tm100 L0-tm@89: status=90.0% time=100.0% ctx=1713tok cold_ttft=18.9s
google/gemma-4-12b tm100 m-tm@112: status=93.3% time=81.8% ctx=1870tok cold_ttft=20.9s
